| Variable     | Longname                       | Units     |       EC-Earth4 |          Obs. | Dataset    | Years     |
|--------------+--------------------------------+-----------+-----------------+---------------+------------+-----------|
| tas          | 2m Air Temperature             | K         |    287.709      |    287.497    | ERA5       | 1990-2019 |
| psl          | MSLP                           | Pa        | 101114          | 101142        | ERA5       | 1990-2019 |
| pr           | Precipitation                  | mm/day    |      2.86582    |      2.92552  | ERA5       | 1990-2019 |
| evspsbl      | Evaporation                    | mm/day    |      2.88416    |     -2.90113  | ERA5       | 1990-2019 |
| pme          | Precip. minus evap.            | mm/day    |     -0.0183436  |      0        |            |           |
| clt          | Total cloud cover              |           |      0.658215   |      0.628433 | ERA5       | 1990-2019 |
| cll          | Low cloud cover                |           |      0.378462   |      0.36627  | ERA5       | 1990-2019 |
| clm          | Medium cloud cover             |           |      0.254738   |      0.247956 | ERA5       | 1990-2019 |
| clh          | High cloud cover               |           |      0.396163   |      0.341018 | ERA5       | 1990-2019 |
| pr_oce       | Precipitation (ocean)          | Sv        |     13.5796     |     13.4499   | ERA5       | 1990-2019 |
| pme_oce      | Precip. minus evap. (ocean)    | Sv        |     -1.11626    |     -1.24691  | ERA5       | 1990-2019 |
| pr_land      | Precipitation (land)           | Sv        |      3.33878    |      3.82094  | ERA5       | 1990-2019 |
| pme_land     | Precip. minus evap. (land)     | Sv        |      1.00797    |      1.39091  | ERA5       | 1990-2019 |
| net_toa      | Net TOA                        | W/m2      |      0.76131    |      0.75262  | CERES-EBAF | 2005-2015 |
| rsnt         | TOA net SW                     | W/m2      |    240.018      |    240.87     | CERES-EBAF | 2005-2015 |
| rlnt         | TOA net LW                     | W/m2      |   -239.257      |   -240.11     | CERES-EBAF | 2005-2015 |
| rsntcs       | TOA net SW, CS                 | W/m2      |    286.741      |    286.66     | CERES-EBAF | 2005-2015 |
| rlntcs       | TOA net LW, CS                 | W/m2      |   -264.129      |   -268.04     | CERES-EBAF | 2005-2015 |
| swcf         | SW CRE                         | W/m2      |    -46.7236     |    -45.32     | CERES-EBAF | 2005-2015 |
| lwcf         | LW CRE                         | W/m2      |     24.8721     |     25.76     | CERES-EBAF | 2005-2015 |
| rsns         | Surface net SW                 | W/m2      |    159.814      |    160        | Wild 2020  |           |
| rlns         | Surface net LW                 | W/m2      |    -58.0614     |    -56        | Wild 2020  |           |
| hfss         | Surface SH                     | W/m2      |    -17.0144     |    -21        | Wild 2020  |           |
| hfls         | Surface LH                     | W/m2      |    -83.5287     |    -82        | Wild 2020  |           |
| net_sfc_nosn | Net Surface (no snowfall)      | W/m2      |      1.20921    |      0.6      | Wild 2020  |           |
| net_sfc      | Net Surface                    | W/m2      |      0.473175   |      0.6      | Wild 2020  |           |
| toamsfc_nosn | TOA-Sfc net rad. (no snowfall) | W/m2      |     -0.447903   |      0        |            |           |
| toamsfc      | TOA-Sfc net radiation          | W/m2      |      0.288135   |      0        |            |           |
| tos          | SST                            | degC      |     18.9061     |      0        |            |           |
| sos          | SSS                            | psu       |     34.4368     |      0        |            |           |
| zos          | SSH                            | m         |      0.00120878 |      0        |            |           |
| wfo          | Net Water Flux into ocean      | m/century |     -1.40863    |      0        |            |           |