| Var     |          PI | Domain   | Dataset   |   CMIP3 |   Ratio to CMIP3 |
|---------+-------------+----------+-----------+---------+------------------|
| net_sfc |    20.3189  | ocean    | OAFLUX    |   14.24 |         1.42689  |
| tas     |    15.6374  | land     | CRU       |   25.13 |         0.622261 |
| psl     |     2.81609 | global   | COADS     |   11.69 |         0.240897 |
| pr      |    30.0951  | global   | CMAP      |   38.87 |         0.774251 |
| tauu    |    10.7227  | ocean    | DASILVA   |    4.03 |         2.66073  |
| tauv    |     6.58399 | ocean    | DASILVA   |    3.1  |         2.12387  |
| ta      |    15.5591  | global   | ERA40     |   38.89 |         0.40008  |
| ua      |     4.0963  | global   | ERA40     |   12.07 |         0.339379 |
| va      |     2.68208 | global   | ERA40     |    8.25 |         0.325101 |
| hus     |    14.3957  | global   | ERA40     |   29.41 |         0.489485 |
| tos     |    27.8633  | ocean    | GISS      |   17.21 |         1.61902  |
| sos     | 24335       | ocean    | levitus   |    0.22 |    110614        |
| siconc  |   100.244   | ocean    | GISS      |    0.34 |       294.836    |

Partial PI (atm only) is   : 12.291
Total Performance Index is : 1891.233