|   Variable   |             Longname              |   Units   |     EC-Earth4 |      Obs.      |                     Dataset                     |   Years   |
|--------------+-----------------------------------+-----------+---------------+----------------+-------------------------------------------------+-----------|
|     tas      |          2m Temperature           |  celsius  |   14.5642     |  14.686±0.184  |                 BERKELEY-EARTH                  | 1981-2010 |
|     psl      |      Mean Sea Level Pressure      |    hPa    | 1011.15       | 1011.386±0.068 |                      ERA5                       | 1981-2010 |
|      pr      |           Precipitation           |  mm/day   |    2.86608    |  2.832±0.034   |                      MSWEP                      | 1981-2010 |
|   evspsbl    |            Evaporation            |  mm/day   |   -2.88457    |  -2.856±0.072  |                      ERA5                       | 1981-2010 |
|     pme      |        Precip. minus Evap.        |  mm/day   |   -0.0184939  |  0.045±0.041   |                      ERA5                       | 1981-2010 |
|     clt      |         Total Cloud Cover         |   frac    |    0.658197   |  0.676±0.002   |                   EBAF_v4.2.1                   | 2000-2010 |
|     cll      |          Low Cloud Cover          |   frac    |    0.378427   |  0.383±0.003   |                      ERA5                       | 1981-2010 |
|     clm      |        Medium Cloud Cover         |   frac    |    0.25471    |  0.246±0.003   |                      ERA5                       | 1981-2010 |
|     clh      |         High Cloud Cover          |   frac    |    0.396169   |   0.34±0.003   |                      ERA5                       | 1981-2010 |
|    pr_oce    |       Precipitation (ocean)       |    Sv     |   13.5894     |  13.284±0.216  |                      MSWEP                      | 1981-2010 |
|   pme_oce    |    Precip. minus Evap. (ocean)    |    Sv     |   -1.129      |  -1.184±0.204  |                      ERA5                       | 1981-2010 |
|   pr_land    |       Precipitation (land)        |    Sv     |    3.32839    |  3.449±0.074   |                      MSWEP                      | 1981-2010 |
|   pme_land   |    Precip. minus Evap. (land)     |    Sv     |    1.01983    |  1.448±0.087   |                      ERA5                       | 1981-2010 |
|   net_toa    |              TOA Net              |   W/m2    |    0.774861   |  0.607±0.585   |                   CERES EBAF                    | 2000-2010 |
|     rsnt     |            TOA SW Net             |   W/m2    |  240.04       |  240.95±0.484  |                   CERES EBAF                    | 2000-2010 |
|     rlnt     |            TOA LW Net             |   W/m2    | -239.265      | -240.344±0.243 |                   CERES EBAF                    | 2000-2010 |
|    rsntcs    |      TOA SW Net (clear sky)       |   W/m2    |  286.766      | 286.792±0.593  |                   CERES EBAF                    | 2000-2010 |
|    rlntcs    |      TOA LW Net (clear sky)       |   W/m2    | -264.138      | -268.426±0.253 |                   CERES EBAF                    | 2000-2010 |
|     swcf     |         SW Cloud Forcing          |   W/m2    |  -46.7269     | -45.841±0.285  |                   CERES EBAF                    | 2000-2010 |
|     lwcf     |         LW Cloud Forcing          |   W/m2    |   24.8738     |  28.083±0.174  |                   CERES EBAF                    | 2000-2010 |
|     rsns     |          Surface Net SW           |   W/m2    |  159.83       |      160       |                    Wild 2020                    |     -     |
|     rlns     |          Surface Net LW           |   W/m2    |  -58.0639     |      -56       |                    Wild 2020                    |     -     |
|     hfss     |    Surface Sensible Heat Flux     |   W/m2    |  -17.0166     |      -21       |                    Wild 2020                    |     -     |
|     hfls     |     Surface Latent Heat Flux      |   W/m2    |  -83.5407     |      -82       |                    Wild 2020                    |     -     |
| net_sfc_nosn |     Net Surface (no snowfall)     |   W/m2    |    1.20877    |      0.6       |                    Wild 2020                    |     -     |
|   net_sfc    |            Net Surface            |   W/m2    |    0.472922   |      0.6       |                    Wild 2020                    |     -     |
| toamsfc_nosn | TOA - Sfc Net Radiation (no snow) |   W/m2    |   -0.433921   |       0        |                      None                       |     -     |
|   toamsfc    |      TOA - Sfc Net Radiation      |   W/m2    |    0.301942   |       0        |                      None                       |     -     |
|     tos      |      Sea Surface Temperature      |  celsius  |   18.9061     |  18.664±0.12   |                   ESA-CCI-L4                    | 1981-2010 |
|     sos      |       Sea Surface Salinity        |    PSU    |   34.4368     |  34.544±0.006  | Copernicus Global Analysed Sea Surface Salinity | 1993-2010 |
|     zos      |                SSH                |     m     |    0.00120878 |       0        |                      None                       |     -     |
|     wfo      |     Net Water Flux into ocean     | m/century |   -1.40863    |       0        |                      None                       |     -     |
|    siconc    |           Sea Ice Area            |   Mm^2    |   13.7831     |  19.641±0.373  |                   ESA-CCI-L4                    | 1981-2010 |