net_sfc:
  ALL:
    Global: 4.143
    North Midlat: 11.619
    Tropical: 2.932
    South Midlat: 2.402
  JJA:
    Global: 42.405
    North Midlat: 192.38
    Tropical: 9.051
    South Midlat: 18.673
tas:
  ALL:
    Global: 25.079
    North Midlat: 18.237
    Tropical: 32.132
    South Midlat: 19.642
  JJA:
    Global: 296.872
    North Midlat: 431.36
    Tropical: 178.773
    South Midlat: 146.098
psl:
  ALL:
    Global: 5.029
    North Midlat: 2.5
    Tropical: 7.083
    South Midlat: 3.449
  JJA:
    Global: 23.726
    North Midlat: 39.208
    Tropical: 26.929
    South Midlat: 1.839
pr:
  ALL:
    Global: 5.348
    North Midlat: 3.45
    Tropical: 6.541
    South Midlat: 4.861
  JJA:
    Global: 342.039
    North Midlat: 64.151
    Tropical: 651.035
    South Midlat: 2.047
tauu:
  ALL:
    Global: 7.401
    North Midlat: 8.007
    Tropical: 9.615
    South Midlat: 3.251
  JJA:
    Global: 11.621
    North Midlat: 24.873
    Tropical: 13.332
    South Midlat: 1.253
tauv:
  ALL:
    Global: 6.268
    North Midlat: 6.93
    Tropical: 7.403
    South Midlat: 3.945
  JJA:
    Global: 11.607
    North Midlat: 17.45
    Tropical: 15.85
    South Midlat: 1.028
ta:
  ALL:
    Global: 32.648
    North Midlat: 14.176
    Tropical: 7.442
    South Midlat: 101.531
  JJA:
    Global: 237.345
    North Midlat: 531.787
    Tropical: 102.028
    South Midlat: 213.538
ua:
  ALL:
    Global: 4.625
    North Midlat: 4.143
    Tropical: 5.358
    South Midlat: 3.641
  JJA:
    Global: 90.345
    North Midlat: 234.652
    Tropical: 52.985
    South Midlat: 20.758
va:
  ALL:
    Global: 2.56
    North Midlat: 1.98
    Tropical: 2.779
    South Midlat: 2.704
  JJA:
    Global: 68.84
    North Midlat: 181.128
    Tropical: 44.732
    South Midlat: 4.769
hus:
  ALL:
    Global: 30.481
    North Midlat: 8.582
    Tropical: 11.388
    South Midlat: 90.566
  JJA:
    Global: 170.916
    North Midlat: 192.836
    Tropical: 140.633
    South Midlat: 209.563
tos:
  ALL:
    Global: 40.711
    North Midlat: 12.27
    Tropical: 12.693
    South Midlat: 104.838
  JJA:
    Global: 51.372
    North Midlat: 27.535
    Tropical: 21.816
    South Midlat: 122.995
sos:
  ALL:
    Global: 60.929
    North Midlat: 262.687
    Tropical: 16.194
    South Midlat: 26.719
  JJA:
    Global: 40.708
    North Midlat: 164.635
    Tropical: 12.324
    South Midlat: 21.24
siconc:
  ALL:
    Global: 8.861
    North Midlat: 1.867
    Tropical: .nan
    South Midlat: 13.36
  JJA:
    Global: 13.012
    North Midlat: 4.976
    Tropical: .nan
    South Midlat: 18.593
