tos:
  ALL:
    Global: 37.288
    North Midlat: 13.713
    Tropical: 11.607
    South Midlat: 94.775
  JJA:
    Global: 48.014
    North Midlat: 28.972
    Tropical: 20.589
    South Midlat: 112.66
sos:
  ALL:
    Global: 55.36
    North Midlat: 238.273
    Tropical: 14.841
    South Midlat: 24.279
  JJA:
    Global: 37.787
    North Midlat: 153.627
    Tropical: 11.511
    South Midlat: 19.152
siconc:
  ALL:
    Global: 9.188
    North Midlat: 2.072
    Tropical: .nan
    South Midlat: 14.775
  JJA:
    Global: 13.604
    North Midlat: 5.487
    Tropical: .nan
    South Midlat: 19.367
